// Jest Snapshot v1, https://goo.gl/fbAQLP

exports[`DirectionsRenderer renders directions where specified 1`] = `"<div><ul class=\\"qtp-results__list\\"><li class=\\"qtp-results__list-item\\"><span class=\\"icon-turn-left qtp-results__icon\\"></span>Turn Left<hr class=\\"qtp-results__list-hr\\"></li><li class=\\"qtp-results__list-item\\"><span class=\\"icon-merge-right qtp-results__icon\\"><span class=\\"path1 qtp-results__icon-path\\"></span><span class=\\"path2 qtp-results__icon-path\\"></span><span class=\\"path3 qtp-results__icon-path\\"></span></span>Merge Right<hr class=\\"qtp-results__list-hr\\"></li><li class=\\"qtp-results__list-item\\"><span class=\\"icon-straight qtp-results__icon\\"></span>Head straight and destination is to the left<hr class=\\"qtp-results__list-hr\\"></li></ul></div>"`;
