// Jest Snapshot v1, https://goo.gl/fbAQLP

exports[`DirectionsRenderer renders directions where specified 1`] = `"<div><ul class=\\"qtp-results__list\\"><li class=\\"qtp-results__list-item\\"><span class=\\"icon-turn-left qtp-results__icon\\"></span><div>Turn Left</div><hr class=\\"qtp-results__list-hr\\"></li><li class=\\"qtp-results__list-item\\"><div>Merge Right</div><hr class=\\"qtp-results__list-hr\\"></li><li class=\\"qtp-results__list-item\\"><span class=\\"icon-straight qtp-results__icon\\"></span><div>Head straight and destination is to the left</div><hr class=\\"qtp-results__list-hr\\"></li></ul></div>"`;
