// Jest Snapshot v1, https://goo.gl/fbAQLP

exports[`autocomplete key events arrow down selects first item 1`] = `"<li class=\\"qtp-autocomplete__list-item qtp-autocomplete__list-item__selected\\" data-qtp-value=\\"1\\" id=\\"qtp-id-1\\">1<hr class=\\"qtp-autocomplete__hr qtp-autocomplete__hr__selected\\"></li>"`;

exports[`autocomplete key events arrow down selects next item in list 1`] = `"<li class=\\"qtp-autocomplete__list-item qtp-autocomplete__list-item__selected\\" data-qtp-value=\\"2\\" id=\\"qtp-id-2\\">2<hr class=\\"qtp-autocomplete__hr qtp-autocomplete__hr__selected\\"></li>"`;

exports[`autocomplete key events arrow up selects last item in list 1`] = `"<li class=\\"qtp-autocomplete__list-item qtp-autocomplete__list-item__selected\\" data-qtp-value=\\"3\\" id=\\"qtp-id-3\\">3<hr class=\\"qtp-autocomplete__hr qtp-autocomplete__hr__selected\\"></li>"`;

exports[`autocomplete key events arrow up selects previous item in list 1`] = `"<li class=\\"qtp-autocomplete__list-item qtp-autocomplete__list-item__selected\\" data-qtp-value=\\"2\\" id=\\"qtp-id-2\\">2<hr class=\\"qtp-autocomplete__hr qtp-autocomplete__hr__selected\\"></li>"`;

exports[`autocomplete notifies when data is rendered 1`] = `"<div class=\\"qtp-autocomplete\\" style=\\"top: 16px; left: 0px;\\"><ul class=\\"qtp-autocomplete__list\\"><li class=\\"qtp-autocomplete__list-item\\" data-qtp-value=\\"1\\" id=\\"qtp-id-1\\">1<hr class=\\"qtp-autocomplete__hr\\"></li><li class=\\"qtp-autocomplete__list-item\\" data-qtp-value=\\"2\\" id=\\"qtp-id-2\\">2<hr class=\\"qtp-autocomplete__hr\\"></li><li class=\\"qtp-autocomplete__list-item\\" data-qtp-value=\\"3\\" id=\\"qtp-id-3\\">3<hr class=\\"qtp-autocomplete__hr\\"></li></ul></div>"`;
