// Jest Snapshot v1, https://goo.gl/fbAQLP

exports[`autocomplete key events arrow down selects first item 1`] = `null`;

exports[`autocomplete key events arrow down selects first item 2`] = `"<div class=\\"qtp-autocomplete\\"><ul class=\\"qtp-autocomplete__list\\"></ul></div>"`;

exports[`autocomplete key events arrow down selects first item 3`] = `"<div class=\\"qtp-autocomplete\\"><ul class=\\"qtp-autocomplete__list\\"></ul></div>"`;

exports[`autocomplete notifies when data is rendered 1`] = `"<div class=\\"qtp-autocomplete\\"><ul class=\\"qtp-autocomplete__list\\"></ul></div>"`;
