// Jest Snapshot v1, https://goo.gl/fbAQLP

exports[`renderPredctionList renders qtp-autocomplete__list 1`] = `"<div class=\\"qtp-autocomplete\\"><ul class=\\"qtp-autocomplete__list\\"><li class=\\"qtp-autocomplete__list-item\\">12041 Brixton Court, Moreno Valley, CA, United States<hr class=\\"qtp-autocomplete__hr\\"></li><li class=\\"qtp-autocomplete__list-item\\">12041 Brixton Road, Pasadena, CA, United States<hr class=\\"qtp-autocomplete__hr\\"></li><li class=\\"qtp-autocomplete__list-item\\">12041 Brixton Cove, Temecula, CA, United States<hr class=\\"qtp-autocomplete__hr\\"></li><li class=\\"qtp-autocomplete__list-item\\">12041 Brixton Place, San Diego, CA, United States<hr class=\\"qtp-autocomplete__hr\\"></li><li class=\\"qtp-autocomplete__list-item\\">12041 Brixton Court, Bakersfield, CA, United States<hr class=\\"qtp-autocomplete__hr\\"></li></ul></div>"`;

exports[`renderPredictionList returns no matches found when status is zero 1`] = `"<div class=\\"qtp-autocomplete\\">No results found</div>"`;
